// Jest Snapshot v1, https://goo.gl/fbAQLP

exports[`CardPayment test cases CardPayment component renders correctly 1`] = `
<div>
  <div
    class="css-1hlzswh"
  >
    <p
      class="chakra-text css-1ki0mgu"
    >
       Enter amount 
    </p>
    <div
      class="css-17piex8"
    >
      <p
        class="chakra-text css-4xj0bk"
      >
        $
      </p>
      <div
        class="chakra-form-control css-1eor3tg"
        role="group"
      >
        <input
          autocomplete="off"
          class="chakra-input css-cz5fpu"
          id="field-:r0:"
          name="amount"
          placeholder="0.00"
          type="text"
          value=""
        />
      </div>
    </div>
  </div>
  <button
    aria-label="btn-send-money"
    class="chakra-button css-1mu22hy"
    type="submit"
  >
    Send Money
  </button>
  <span
    hidden=""
    id="__chakra_env"
  />
</div>
`;
