// Jest Snapshot v1, https://goo.gl/fbAQLP

exports[` Match to snapshot 1`] = `
<div>
  <form
    class="chakra-stack css-tl3ftk"
    id="update-transaction-form"
  >
    <div
      class="css-1jqq95v"
    >
      <div
        class="chakra-form-control css-0"
        role="group"
      >
        <label
          class="chakra-form__label css-1ebhc9e"
          for="field-:r0:"
          id="field-:r0:-label"
        >
          First Name
        </label>
        <div
          class="chakra-input__group css-169ufh8"
          data-group="true"
        >
          <input
            class="chakra-input css-vdi49a"
            id="field-:r0:"
            name="customer.firstName"
            type="text"
            value=""
          />
        </div>
      </div>
      <div
        class="chakra-form-control css-0"
        role="group"
      >
        <label
          class="chakra-form__label css-1ebhc9e"
          for="field-:r1:"
          id="field-:r1:-label"
        >
          Last Name
        </label>
        <div
          class="chakra-input__group css-169ufh8"
          data-group="true"
        >
          <input
            class="chakra-input css-16fpzlu"
            id="field-:r1:"
            name="customer.lastName"
            type="text"
            value=""
          />
        </div>
      </div>
    </div>
    <div
      class="css-1jqq95v"
    >
      <div
        class="chakra-form-control css-0"
        role="group"
      >
        <label
          class="chakra-form__label css-1ebhc9e"
          for="field-:r2:"
          id="field-:r2:-label"
        >
          Street
        </label>
        <div
          class="chakra-input__group css-169ufh8"
          data-group="true"
        >
          <input
            class="chakra-input css-vdi49a"
            id="field-:r2:"
            name="customer.address.street"
            type="text"
            value=""
          />
        </div>
      </div>
      <div
        class="chakra-form-control css-0"
        role="group"
      >
        <label
          class="chakra-form__label css-1ebhc9e"
          for="field-:r3:"
          id="field-:r3:-label"
        >
          State
        </label>
        <div
          class="chakra-input__group css-169ufh8"
          data-group="true"
        >
          <input
            class="chakra-input css-16fpzlu"
            id="field-:r3:"
            name="customer.address.state"
            type="text"
            value=""
          />
        </div>
      </div>
    </div>
    <div
      class="css-1jqq95v"
    >
      <div
        class="chakra-form-control css-0"
        role="group"
      >
        <label
          class="chakra-form__label css-1ebhc9e"
          for="field-:r4:"
          id="field-:r4:-label"
        >
          City
        </label>
        <div
          class="chakra-input__group css-169ufh8"
          data-group="true"
        >
          <input
            class="chakra-input css-vdi49a"
            id="field-:r4:"
            name="customer.address.city"
            type="text"
            value=""
          />
        </div>
      </div>
      <div
        class="chakra-form-control css-0"
        role="group"
      >
        <label
          class="chakra-form__label css-1ebhc9e"
          for="field-:r5:"
          id="field-:r5:-label"
        >
          Zip
        </label>
        <div
          class="chakra-input__group css-169ufh8"
          data-group="true"
        >
          <input
            class="chakra-input css-16fpzlu"
            id="field-:r5:"
            name="customer.address.zip"
            type="text"
            value=""
          />
        </div>
      </div>
    </div>
    <div
      class="css-16xzy9q"
    >
      <button
        class="chakra-button css-nz6i3s"
        disabled=""
        form="update-transaction-form"
        type="submit"
      >
        Save
      </button>
      <button
        class="chakra-button css-vxb15r"
        type="button"
      >
        Cancel
      </button>
    </div>
  </form>
</div>
`;

exports[`Transaction Modal match to snapshot 1`] = `
<div>
  <div
    class="css-0"
  >
    <p
      class="chakra-text css-1ezsviu"
    >
      Are you sure delete the transaction with id:
      <span
        class="chakra-text css-16ximt"
      >
        123
      </span>
      ?
    </p>
    <div
      class="css-ofbpde"
    >
      <button
        class="chakra-button css-nz6i3s"
        type="button"
      >
        Delete
      </button>
      <button
        class="chakra-button css-vxb15r"
        type="button"
      >
        Cancel
      </button>
    </div>
  </div>
</div>
`;
