// Jest Snapshot v1, https://goo.gl/fbAQLP

exports[`TotalBalance render Should render match with snapshot. 1`] = `
<div>
  <div
    class="css-1z03mj8"
  >
    <form>
      <div
        class="css-1hlzswh"
      >
        <p
          class="chakra-text css-1ki0mgu"
        >
           Enter amount 
        </p>
        <div
          class="css-17piex8"
        >
          <p
            class="chakra-text css-4xj0bk"
          >
            $
          </p>
          <div
            class="chakra-form-control css-1eor3tg"
            role="group"
          >
            <input
              autocomplete="off"
              class="chakra-input css-cr7iz"
              id="field-:r2:"
              name="amount"
              placeholder="0.00"
              type="text"
              value=""
            />
          </div>
        </div>
      </div>
      <button
        aria-label="btn-add-money"
        class="chakra-button css-d8rbc1"
        disabled=""
        type="submit"
      >
        Add Money
      </button>
    </form>
  </div>
  <span
    hidden=""
    id="__chakra_env"
  />
</div>
`;
