// Jest Snapshot v1, https://goo.gl/fbAQLP

exports[`BoxChatComponent BoxChat component renders user have roomChatId 1`] = `
<div>
  <div
    class="css-1pphdyr"
  >
    <div
      class="css-z7702n"
    >
      <h3
        class="chakra-heading css-1rl4kbt"
      >
        team chat
      </h3>
    </div>
    <div
      class="css-1iwi7g1"
    >
      <div
        class="chakra-spinner css-nkpswe"
      >
        <span
          class="css-8b45rq"
        >
          Loading...
        </span>
      </div>
    </div>
  </div>
  <span
    hidden=""
    id="__chakra_env"
  />
</div>
`;

exports[`BoxChatComponent BoxChat component renders user without roomChatId 1`] = `
<div>
  <div
    class="css-1pphdyr"
  >
    <div
      class="css-z7702n"
    >
      <h3
        class="chakra-heading css-1rl4kbt"
      >
        team chat
      </h3>
    </div>
    <div
      class="css-1iwi7g1"
    >
      <div
        class="chakra-spinner css-nkpswe"
      >
        <span
          class="css-8b45rq"
        >
          Loading...
        </span>
      </div>
    </div>
  </div>
  <span
    hidden=""
    id="__chakra_env"
  />
</div>
`;
